Microchip MPLAB XC8 Compiler V2.40

Linker command line:

-W-3 \
  --edf=C:\Program Files\Microchip\xc8\v2.40\pic\dat\20220703182018_en.msgs \
  -cn -h+dist/default/production\Lab6.X.production.sym \
  --cmf=dist/default/production\Lab6.X.production.cmf -z -Q16F887 \
  -oC:\Users\colum\AppData\Local\Temp\xcAsklo.4 --defsym=__MPLAB_BUILD=1 \
  --fixupoverflow=error -Mdist/default/production/Lab6.X.production.map \
  --md=C:\Users\colum\AppData\Local\Temp\xcAsklo.dat -E1 -ver=XC8 Compiler \
  --acfsm=1493 -ACODE=00h-07FFhx4 -ASTRCODE=00h-01FFFh -ASTRING=00h-0FFhx32 \
  -ACONST=00h-0FFhx32 -AENTRY=00h-0FFhx32 -ACOMMON=070h-07Fh \
  -ABANK0=020h-06Fh -ABANK1=0A0h-0EFh -ABANK2=0110h-016Fh \
  -ABANK3=0190h-01EFh -ARAM=020h-06Fh,0A0h-0EFh,0110h-016Fh,0190h-01EFh \
  -AABS1=020h-07Fh,0A0h-0EFh,0110h-016Fh,0190h-01EFh -ASFR0=00h-01Fh \
  -ASFR1=080h-09Fh -ASFR2=0100h-010Fh -ASFR3=0180h-018Fh \
  -ACONFIG=02007h-02008h -DCONFIG=2 -AIDLOC=02000h-02003h -DIDLOC=2 \
  -AEEDATA=00h-0FFh/02100h -peeprom_data=EEDATA -DEEDATA=2 -DCODE=2 \
  -DSTRCODE=2 -DSTRING=2 -DCONST=2 -DENTRY=2 \
  -preset_vec=00h,intentry=04h,init,end_init -ppowerup=CODE -pcinit=CODE \
  -pfunctab=ENTRY -k C:\Users\colum\AppData\Local\Temp\xcAsklo.o \
  dist/default/production\Lab6.X.production.o 

Object code version is 3.11

Machine type is 16F887



                Name                               Link     Load   Length Selector   Space Scale
C:\Users\colum\AppData\Local\Temp\xcAsklo.o
                end_init                              C        C        3        8       0
                reset_vec                             0        0        3        0       0
                config                             2007     2007        2        0       4
                idloc                              2000     2000        4        0       5
dist/default/production\Lab6.X.production.o
                cinit                                 F        F       10        8       0
                intentry                              4        4        8        8       0
                config                             2007     2007        2        0       4
                idloc                              2000     2000        4        0       5
                text7                                68       68       2B        8       0
                text6                                1F       1F       49        8       0
                text5                                93       93       26        8       0
                text4                               10E      10E        A        8       0
                text3                               103      103        B        8       0
                text2                                DC       DC       1A        8       0
                text1                                F6       F6        D        8       0
                maintext                             B9       B9       23        8       0
                cstackBANK0                          20       20        5       20       1
                cstackCOMMON                         74       74        4       70       1
                bssBANK0                             25       25        2       20       1
                dataCOMMON                           78       78        1       70       1
                bssCOMMON                            70       70        4       70       1
                idataCOMMON                         118      118        1        8       0

TOTAL           Name                               Link     Load   Length     Space
        CLASS   CODE           
                end_init                              C        C        3         0
                cinit                                 F        F       10         0
                intentry                              4        4        8         0
                reset_vec                             0        0        3         0
                text7                                68       68       2B         0
                text6                                1F       1F       49         0
                text5                                93       93       26         0
                text4                               10E      10E        A         0
                text3                               103      103        B         0
                text2                                DC       DC       1A         0
                text1                                F6       F6        D         0
                maintext                             B9       B9       23         0
                idataCOMMON                         118      118        1         0

        CLASS   STRCODE        

        CLASS   STRING         

        CLASS   CONST          

        CLASS   ENTRY          

        CLASS   COMMON         
                cstackCOMMON                         74       74        4         1
                dataCOMMON                           78       78        1         1
                bssCOMMON                            70       70        4         1

        CLASS   BANK0          
                cstackBANK0                          20       20        5         1
                bssBANK0                             25       25        2         1

        CLASS   BANK1          

        CLASS   BANK2          

        CLASS   BANK3          

        CLASS   RAM            

        CLASS   ABS1           
                abs_s1                               7E       7E        2         1

        CLASS   SFR0           

        CLASS   SFR1           

        CLASS   SFR2           

        CLASS   SFR3           

        CLASS   CONFIG         
                config                             2007     2007        2         4

        CLASS   IDLOC          
                idloc                              2000     2000        4         5

        CLASS   EEDATA         

        CLASS   STACK          



SEGMENTS        Name                           Load    Length   Top    Selector   Space  Class     Delta

                reset_vec                      000000  000003  000003         0       0  CODE        2
                intentry                       000004  000115  000119         8       0  CODE        2
                cstackBANK0                    000020  000007  000027        20       1  BANK0       1
                bssCOMMON                      000070  000009  000079        70       1  COMMON      1


UNUSED ADDRESS RANGES

        Name                Unused          Largest block    Delta
        BANK0            0027-006F             49           1
        BANK1            00A0-00EF             50           1
        BANK2            0110-016F             60           1
        BANK3            0190-01EF             60           1
        CODE             0003-0003              1           2
                         0119-1FFF            800
        COMMON           0079-007D              5           1
        CONST            0003-0003              1           2
                         0119-1FFF            100
        EEDATA           2100-21FF            100           2
        ENTRY            0003-0003              1           2
                         0119-1FFF            100
        RAM              0027-006F             49           1
                         00A0-00EF             50
                         0110-016F             60
                         0190-01EF             60
        SFR0             0000-001F             20           1
        SFR1             0080-009F             20           1
        SFR2             0100-010F             10           1
        SFR3             0180-018F             10           1
        STRCODE          0003-0003              1           2
                         0119-1FFF           1EE7
        STRING           0003-0003              1           2
                         0119-1FFF            100

                                  Symbol Table

ADC_Select@channel       cstackBANK0  0020
_ADC1                    bssCOMMON    0070
_ADC2                    bssBANK0     0025
_ADCON0                  (abs)        001F
_ADCON0bits              (abs)        001F
_ADCON1bits              (abs)        009F
_ADC_Change              text5        0093
_ADC_Int                 text4        010E
_ADC_Select              text6        001F
_ADIE                    (abs)        0466
_ADIF                    (abs)        0066
_ADRESH                  (abs)        001E
_ANSEL                   (abs)        0188
_ANSELH                  (abs)        0189
_GIE                     (abs)        005F
_Int_Enable              text3        0103
_PEIE                    (abs)        005E
_PORTB                   (abs)        0006
_PORTC                   (abs)        0007
_PORTD                   (abs)        0008
_PS0                     (abs)        0408
_PS1                     (abs)        0409
_PS2                     (abs)        040A
_PSA                     (abs)        040B
_Setup                   text2        00DC
_T0CS                    (abs)        040D
_T0IE                    (abs)        005D
_T0IF                    (abs)        005A
_TMR0                    (abs)        0001
_TMR0_Config             text1        00F6
_TRISA                   (abs)        0085
_TRISB                   (abs)        0086
_TRISC                   (abs)        0087
_TRISD                   (abs)        0088
__Habs1                  abs1         0000
__Hbank0                 bank0        0000
__Hbank1                 bank1        0000
__Hbank2                 bank2        0000
__Hbank3                 bank3        0000
__HbssBANK0              bssBANK0     0000
__HbssCOMMON             bssCOMMON    0000
__Hcinit                 cinit        001F
__Hclrtext               clrtext      0000
__Hcode                  code         0000
__Hcommon                common       0000
__Hconfig                config       2009
__HcstackBANK0           cstackBANK0  0000
__HcstackCOMMON          cstackCOMMON 0000
__HdataCOMMON            dataCOMMON   0000
__Heeprom_data           eeprom_data  0000
__Hend_init              end_init     000F
__Hfunctab               functab      0000
__HidataCOMMON           idataCOMMON  0000
__Hidloc                 idloc        2004
__Hinit                  init         000C
__Hintentry              intentry     000C
__Hmaintext              maintext     0000
__Hpowerup               powerup      0000
__Hram                   ram          0000
__Hreset_vec             reset_vec    0003
__Hsfr0                  sfr0         0000
__Hsfr1                  sfr1         0000
__Hsfr2                  sfr2         0000
__Hsfr3                  sfr3         0000
__Hspace_0               (abs)        0119
__Hspace_1               (abs)        0079
__Hspace_2               (abs)        0000
__Hspace_3               (abs)        0000
__Hspace_4               (abs)        4010
__Hstack                 stack        0000
__Hstrings               strings      0000
__Htext                  text         0000
__Labs1                  abs1         0000
__Lbank0                 bank0        0000
__Lbank1                 bank1        0000
__Lbank2                 bank2        0000
__Lbank3                 bank3        0000
__LbssBANK0              bssBANK0     0000
__LbssCOMMON             bssCOMMON    0000
__Lcinit                 cinit        000F
__Lclrtext               clrtext      0000
__Lcode                  code         0000
__Lcommon                common       0000
__Lconfig                config       0000
__LcstackBANK0           cstackBANK0  0000
__LcstackCOMMON          cstackCOMMON 0000
__LdataCOMMON            dataCOMMON   0000
__Leeprom_data           eeprom_data  0000
__Lend_init              end_init     000C
__Lfunctab               functab      0000
__LidataCOMMON           idataCOMMON  0000
__Lidloc                 idloc        0000
__Linit                  init         000C
__Lintentry              intentry     0004
__Lmaintext              maintext     0000
__Lpowerup               powerup      0000
__Lram                   ram          0000
__Lreset_vec             reset_vec    0000
__Lsfr0                  sfr0         0000
__Lsfr1                  sfr1         0000
__Lsfr2                  sfr2         0000
__Lsfr3                  sfr3         0000
__Lspace_0               (abs)        0000
__Lspace_1               (abs)        0000
__Lspace_2               (abs)        0000
__Lspace_3               (abs)        0000
__Lspace_4               (abs)        0000
__Lstack                 stack        0000
__Lstrings               strings      0000
__Ltext                  text         0000
__S0                     (abs)        0119
__S1                     (abs)        0079
__S3                     (abs)        0000
___int_sp                stack        0000
___latbits               (abs)        0002
___sp                    stack        0000
___stackhi               (abs)        0000
___stacklo               (abs)        0000
__end_of_ADC_Change      text5        00B9
__end_of_ADC_Int         text4        0118
__end_of_ADC_Select      text6        0068
__end_of_Int_Enable      text3        010E
__end_of_Setup           text2        00F6
__end_of_TMR0_Config     text1        0103
__end_of__initialization cinit        001B
__end_of_isr             text7        0093
__end_of_main            maintext     00DC
__initialization         cinit        000F
__pbssBANK0              bssBANK0     0025
__pbssCOMMON             bssCOMMON    0070
__pcstackBANK0           cstackBANK0  0020
__pcstackCOMMON          cstackCOMMON 0074
__pdataCOMMON            dataCOMMON   0078
__pidataCOMMON           idataCOMMON  0118
__pintentry              intentry     0004
__pmaintext              maintext     00B9
__ptext1                 text1        00F6
__ptext2                 text2        00DC
__ptext3                 text3        0103
__ptext4                 text4        010E
__ptext5                 text5        0093
__ptext6                 text6        001F
__ptext7                 text7        0068
_adc_flag                bssCOMMON    0072
_isr                     text7        0068
_main                    maintext     00B9
btemp                    (abs)        007E
end_of_initialization    cinit        001B
interrupt_function       intentry     0004
intlevel0                functab      0000
intlevel1                functab      0000
intlevel2                functab      0000
intlevel3                functab      0000
intlevel4                functab      0000
intlevel5                functab      0000
reset_vec                reset_vec    0000
saved_w                  (abs)        007E
start                    init         000C
start_initialization     cinit        000F
wtemp0                   (abs)        007E


MODULE INFORMATION

Module		Function		Class		Link	Load	Size
shared
		__initialization		CODE           	000F	0000	12

shared estimated size: 12

Lab6.c
		_TMR0_Config   		CODE           	00F6	0000	13
		_main          		CODE           	00B9	0000	35
		_ADC_Change    		CODE           	0093	0000	38
		_Setup         		CODE           	00DC	0000	26
		_ADC_Int       		CODE           	010E	0000	10
		_isr           		CODE           	0068	0000	43
		_ADC_Select    		CODE           	001F	0000	73
		_Int_Enable    		CODE           	0103	0000	11

Lab6.c estimated size: 249

